
> truth-lens@0.1.0 build
> next build --webpack

 ΓÜá Warning: Next.js inferred your workspace root, but it may not be correct.
 We detected multiple lockfiles and selected the directory of C:\Users\Youssef Boubli\package-lock.json as the root directory.
 To silence this warning, set `outputFileTracingRoot` in your Next.js config, or consider removing one of the lockfiles if it's not needed.
   See https://nextjs.org/docs/app/api-reference/config/next-config-js/output#caveats for more information.
 Detected additional lockfiles: 
   * C:\Users\Youssef Boubli\Desktop\TruthLens\package-lock.json

   Γû▓ Next.js 16.0.7 (webpack)
   - Environments: .env.local

   Creating an optimized production build ...
 Γ£ô (pwa) Compiling for server...
 Γ£ô (pwa) Compiling for server...
 Γ£ô (pwa) Compiling for client (static)...
 Γùï (pwa) Service worker: C:\Users\Youssef Boubli\Desktop\TruthLens\public\sw.js
 Γùï (pwa)   URL: /sw.js
 Γùï (pwa)   Scope: /
 Γ£ô Compiled successfully in 14.5s
   Running TypeScript ...
   Collecting page data using 15 workers ...
Γ£à Firebase Admin SDK initialized
Γ£à Firebase Admin SDK initialized
Γ£à Firebase Admin SDK initialized
Γ£à Firebase Admin SDK initialized
Γ£à Firebase Admin SDK initialized
VAPID keys are missing. Push notifications will fail.
   Generating static pages using 15 workers (0/52) ...
VAPID keys are missing. Push notifications will fail.
≡ƒöì DEBUG: { loading: true, user: 'not logged in' }
ΓÅ│ Still loading...
   Generating static pages using 15 workers (13/52) 
   Generating static pages using 15 workers (26/52) 
Γ£à Firebase Admin SDK initialized
   Generating static pages using 15 workers (39/52) 
 Γ£ô Generating static pages using 15 workers (52/52) in 2.5s
   Finalizing page optimization ...
   Collecting build traces ...

Route (app)
Γöî Γùï /
Γö£ Γùï /_not-found
Γö£ Γùï /admin
Γö£ Γùï /admin/access-codes
Γö£ Γùï /admin/access-requests
Γö£ Γùï /admin/cancellations
Γö£ Γùï /admin/chat
Γö£ Γùï /admin/events
Γö£ Γùï /admin/payments
Γö£ Γùï /admin/settings
Γö£ Γùï /admin/settings/recovery
Γö£ Γùï /admin/support
Γö£ Γùï /admin/themes
Γö£ Γùï /admin/tiers
Γö£ Γùï /admin/users
Γö£ Γùï /ai-chat
Γö£ ╞Æ /api/access/submit
Γö£ ╞Æ /api/access/validate
Γö£ ╞Æ /api/admin/action
Γö£ ╞Æ /api/admin/ai-test
Γö£ ╞Æ /api/admin/backup
Γö£ ╞Æ /api/admin/delete-file
Γö£ ╞Æ /api/admin/keys
Γö£ ╞Æ /api/admin/ollama/models
Γö£ ╞Æ /api/admin/send-notification
Γö£ ╞Æ /api/admin/upload
Γö£ ╞Æ /api/admin/users
Γö£ ╞Æ /api/notifications/send-chat-push
Γö£ ╞Æ /api/notifications/subscribe
Γö£ ╞Æ /api/ollama
Γö£ ╞Æ /api/pc-builder/generate
Γö£ ╞Æ /api/pc-builder/save
Γö£ ╞Æ /api/product/scan
Γö£ ╞Æ /api/search-by-image
Γö£ ╞Æ /api/v1/event_config
Γö£ Γùï /cancel-membership
Γö£ Γùï /compare
Γö£ Γùï /favorites
Γö£ Γùï /global-search
Γö£ Γùï /history
Γö£ Γùï /install-guide
Γö£ Γùï /login
Γö£ Γùï /maintenance
Γö£ Γùï /manifest.webmanifest
Γö£ Γùï /meal-planner
Γö£ Γùï /payment/success
Γö£ Γùï /pc-builder
Γö£ ╞Æ /product/[id]
Γö£ Γùï /profile
Γö£ Γùï /quest
Γö£ Γùï /recommendations
Γö£ Γùï /request-access
Γö£ Γùï /reset-password
Γö£ Γùï /scan
Γö£ Γùï /search/photo
Γö£ Γùï /set-admin
Γö£ Γùï /signup
Γö£ Γùï /support
Γöö Γùï /upgrade


Γùï  (Static)   prerendered as static content
╞Æ  (Dynamic)  server-rendered on demand

